// Jest Snapshot v1, https://goo.gl/fbAQLP

exports[`it should signin 1`] = `
"{ DEBUG: 'ops:*', NODE_ENV: 'staging' }
{ envConfig:
   { OPS_REGISTRY_HOST: 'registry.stg-platform.hc.ai',
     OPS_API_HOST: 'http://www.stg-platform.hc.ai/' } }

💻 CTO.ai Ops - The CLI built for Teams 🚀

👋 Welcome to the Ops CLI beta! 

Please login to get started.

 Enter email:  [15D[15C[2K[G Enter email:  e[16D[16C[2K[G Enter email:  e2[17D[17C[2K[G Enter email:  e2e[18D[18C[2K[G Enter email:  e2e_[19D[19C[2K[G Enter email:  e2e_e[20D[20C[2K[G Enter email:  e2e_ex[21D[21C[2K[G Enter email:  e2e_exi[22D[22C[2K[G Enter email:  e2e_exis[23D[23C[2K[G Enter email:  e2e_exist[24D[24C[2K[G Enter email:  e2e_existi[25D[25C[2K[G Enter email:  e2e_existin[26D[26C[2K[G Enter email:  e2e_existing[27D[27C[2K[G Enter email:  e2e_existing_[28D[28C[2K[G Enter email:  e2e_existing_u[29D[29C[2K[G Enter email:  e2e_existing_us[30D[30C[2K[G Enter email:  e2e_existing_use[31D[31C[2K[G Enter email:  e2e_existing_user[32D[32C[2K[G Enter email:  e2e_existing_user@[33D[33C[2K[G Enter email:  e2e_existing_user@c[34D[34C[2K[G Enter email:  e2e_existing_user@ct[35D[35C[2K[G Enter email:  e2e_existing_user@cto[36D[36C[2K[G Enter email:  e2e_existing_user@cto.[37D[37C[2K[G Enter email:  e2e_existing_user@cto.a[38D[38C[2K[G Enter email:  e2e_existing_user@cto.ai[39D[39C[2K[G Enter email:  e2e_existing_user@cto.ai[39D[39C
 Enter password:  [18D[18C[2K[G Enter password:  *[19D[19C[2K[G Enter password:  **[20D[20C[2K[G Enter password:  ***[21D[21C[2K[G Enter password:  ****[22D[22C[2K[G Enter password:  *****[23D[23C[2K[G Enter password:  ******[24D[24C[2K[G Enter password:  *******[25D[25C[2K[G Enter password:  ********[26D[26C[2K[G Enter password:  ********[26D[26C


👋 Welcome back e2e_existing_user!

👉 Type ops search to find ops or ops init to create your own! 

"
`;

exports[`it should signup 1`] = `
"
💻 CTO.ai Ops - The CLI built for Teams 🚀

👋 Welcome to the Ops CLI beta! 

❔ Let us know if you have questions...
📬  You can always reach us by email (mailto:support@cto.ai) (support@cto.ai).

⚡️  Let's get you started...
 
📩 Please enter your email →  
Enter Email [12D[12C[2K[1A[2K[1A[2K[G 
📩 Please enter your email →  
Enter Email t[13D[13C[2K[1A[2K[1A[2K[G 
📩 Please enter your email →  
Enter Email t_[14D[14C[2K[1A[2K[1A[2K[G 
📩 Please enter your email →  
Enter Email t_e[15D[15C[2K[1A[2K[1A[2K[G 
📩 Please enter your email →  
Enter Email t_em[16D[16C[2K[1A[2K[1A[2K[G 
📩 Please enter your email →  
Enter Email t_ema[17D[17C[2K[1A[2K[1A[2K[G 
📩 Please enter your email →  
Enter Email t_emai[18D[18C[2K[1A[2K[1A[2K[G 
📩 Please enter your email →  
Enter Email t_email[19D[19C[2K[1A[2K[1A[2K[G 
📩 Please enter your email →  
Enter Email t_email_[20D[20C[2K[1A[2K[1A[2K[G 
📩 Please enter your email →  
Enter Email t_email_n[21D[21C[2K[1A[2K[1A[2K[G 
📩 Please enter your email →  
Enter Email t_email_ne[22D[22C[2K[1A[2K[1A[2K[G 
📩 Please enter your email →  
Enter Email t_email_new[23D[23C[2K[1A[2K[1A[2K[G 
📩 Please enter your email →  
Enter Email t_email_new_[24D[24C[2K[1A[2K[1A[2K[G 
📩 Please enter your email →  
Enter Email t_email_new_u[25D[25C[2K[1A[2K[1A[2K[G 
📩 Please enter your email →  
Enter Email t_email_new_us[26D[26C[2K[1A[2K[1A[2K[G 
📩 Please enter your email →  
Enter Email t_email_new_use[27D[27C[2K[1A[2K[1A[2K[G 
📩 Please enter your email →  
Enter Email t_email_new_user[28D[28C[2K[1A[2K[1A[2K[G 
📩 Please enter your email →  
Enter Email t_email_new_user@[29D[29C[2K[1A[2K[1A[2K[G 
📩 Please enter your email →  
Enter Email t_email_new_user@c[30D[30C[2K[1A[2K[1A[2K[G 
📩 Please enter your email →  
Enter Email t_email_new_user@ct[31D[31C[2K[1A[2K[1A[2K[G 
📩 Please enter your email →  
Enter Email t_email_new_user@cto[32D[32C[2K[1A[2K[1A[2K[G 
📩 Please enter your email →  
Enter Email t_email_new_user@cto.[33D[33C[2K[1A[2K[1A[2K[G 
📩 Please enter your email →  
Enter Email t_email_new_user@cto.a[34D[34C[2K[1A[2K[1A[2K[G 
📩 Please enter your email →  
Enter Email t_email_new_user@cto.ai[35D[35C[2K[1A[2K[1A[2K[G ✓ Email t_email_new_user@cto.ai added![39D[39C
 
🖖 Create a username to get started →  
Enter Username [15D[15C[2K[1A[2K[1A[2K[G 
🖖 Create a username to get started →  
Enter Username t[16D[16C[2K[1A[2K[1A[2K[G 
🖖 Create a username to get started →  
Enter Username t_[17D[17C[2K[1A[2K[1A[2K[G 
🖖 Create a username to get started →  
Enter Username t_u[18D[18C[2K[1A[2K[1A[2K[G 
🖖 Create a username to get started →  
Enter Username t_us[19D[19C[2K[1A[2K[1A[2K[G 
🖖 Create a username to get started →  
Enter Username t_use[20D[20C[2K[1A[2K[1A[2K[G 
🖖 Create a username to get started →  
Enter Username t_user[21D[21C[2K[1A[2K[1A[2K[G 
🖖 Create a username to get started →  
Enter Username t_user_[22D[22C[2K[1A[2K[1A[2K[G 
🖖 Create a username to get started →  
Enter Username t_user_n[23D[23C[2K[1A[2K[1A[2K[G 
🖖 Create a username to get started →  
Enter Username t_user_ne[24D[24C[2K[1A[2K[1A[2K[G 
🖖 Create a username to get started →  
Enter Username t_user_new[25D[25C[2K[1A[2K[1A[2K[G ✓ Username t_user_new created![31D[31C
 
🔑 Let's create a password next →  
Enter your password [20D[20C[2K[1A[2K[1A[2K[G 
🔑 Let's create a password next →  
Enter your password *[21D[21C[2K[1A[2K[1A[2K[G 
🔑 Let's create a password next →  
Enter your password **[22D[22C[2K[1A[2K[1A[2K[G 
🔑 Let's create a password next →  
Enter your password ***[23D[23C[2K[1A[2K[1A[2K[G 
🔑 Let's create a password next →  
Enter your password ****[24D[24C[2K[1A[2K[1A[2K[G 
🔑 Let's create a password next →  
Enter your password *****[25D[25C[2K[1A[2K[1A[2K[G 
🔑 Let's create a password next →  
Enter your password ******[26D[26C[2K[1A[2K[1A[2K[G 
🔑 Let's create a password next →  
Enter your password *******[27D[27C[2K[1A[2K[1A[2K[G 
🔑 Let's create a password next →  
Enter your password ********[28D[28C[2K[1A[2K[1A[2K[G ✓ Password added! ********[27D[27C
 
🔑 Confirm your password:  [26D[27C[2K[1A[2K[G 
🔑 Confirm your password:  *[27D[28C[2K[1A[2K[G 
🔑 Confirm your password:  **[28D[29C[2K[1A[2K[G 
🔑 Confirm your password:  ***[29D[30C[2K[1A[2K[G 
🔑 Confirm your password:  ****[30D[31C[2K[1A[2K[G 
🔑 Confirm your password:  *****[31D[32C[2K[1A[2K[G 
🔑 Confirm your password:  ******[32D[33C[2K[1A[2K[G 
🔑 Confirm your password:  *******[33D[34C[2K[1A[2K[G 
🔑 Confirm your password:  ********[34D[35C[2K[1A[2K[G ✓ Password confirmed! ********[31D[31C


✅  Your account is setup! You can now build, run and share ops!
🎉  We just sent you an email with tips on how to get started!


💻  Now try running ops search to find some ops to run, or ops init to begin creating your own. 


"
`;
